Archive member included to satisfy reference by file (symbol)

/usr/lib/gcc/arm-none-eabi/14.2.1/../../../arm-none-eabi/lib//libc.a(libc_a-strncpy.o)
                              /home/cockroach/FreeRtosForRPpi/RaspberryPi-FreeRTOS/build/FreeRTOS/Source/tasks.o (strncpy)
/usr/lib/gcc/arm-none-eabi/14.2.1/../../../arm-none-eabi/lib//libc.a(libc_a-memset.o)
                              /home/cockroach/FreeRtosForRPpi/RaspberryPi-FreeRTOS/build/FreeRTOS/Source/tasks.o (memset)
/usr/lib/gcc/arm-none-eabi/14.2.1/../../../arm-none-eabi/lib//libc.a(libc_a-memcpy-stub.o)
                              /home/cockroach/FreeRtosForRPpi/RaspberryPi-FreeRTOS/build/FreeRTOS/Source/queue.o (memcpy)

There are no discarded input sections

Memory Configuration

Name             Origin             Length             Attributes
RESERVED         0x00000000         0x00008000         r
INIT_RAM         0x00008000         0x00008000         xrw
RAM              0x00010000         0x08000000         xrw
*default*        0x00000000         0xffffffff

Linker script and memory map

LOAD /home/cockroach/FreeRtosForRPpi/RaspberryPi-FreeRTOS/build/FreeRTOS/Source/portable/GCC/RaspberryPi/port.o
LOAD /home/cockroach/FreeRtosForRPpi/RaspberryPi-FreeRTOS/build/FreeRTOS/Source/portable/GCC/RaspberryPi/portisr.o
LOAD /home/cockroach/FreeRtosForRPpi/RaspberryPi-FreeRTOS/build/FreeRTOS/Source/croutine.o
LOAD /home/cockroach/FreeRtosForRPpi/RaspberryPi-FreeRTOS/build/FreeRTOS/Source/list.o
LOAD /home/cockroach/FreeRtosForRPpi/RaspberryPi-FreeRTOS/build/FreeRTOS/Source/queue.o
LOAD /home/cockroach/FreeRtosForRPpi/RaspberryPi-FreeRTOS/build/FreeRTOS/Source/tasks.o
LOAD /home/cockroach/FreeRtosForRPpi/RaspberryPi-FreeRTOS/build/Demo/Drivers/irq.o
LOAD /home/cockroach/FreeRtosForRPpi/RaspberryPi-FreeRTOS/build/Demo/Drivers/gpio.o
LOAD /home/cockroach/FreeRtosForRPpi/RaspberryPi-FreeRTOS/build//FreeRTOS/Source/portable/MemMang/heap_4.o
LOAD /home/cockroach/FreeRtosForRPpi/RaspberryPi-FreeRTOS/build/Demo/startup.o
LOAD /home/cockroach/FreeRtosForRPpi/RaspberryPi-FreeRTOS/build/Demo/main.o

.init           0x00008000       0xa4
 *(.init)
 .init          0x00008000       0xa4 /home/cockroach/FreeRtosForRPpi/RaspberryPi-FreeRTOS/build/Demo/startup.o
                0x00008000                _start

.module_entries
                0x000080a4        0x0
                0x000080a4                        __module_entries_start = .
 *(.module_entries)
 *(.module_entries.*)
                0x000080a4                        __module_entries_end = .
                0x000080a4                        __module_entries_size = SIZEOF (.module_entries)

.text           0x00010000     0x46ec
 *(.text)
 .text          0x00010000      0x344 /home/cockroach/FreeRtosForRPpi/RaspberryPi-FreeRTOS/build/FreeRTOS/Source/portable/GCC/RaspberryPi/port.o
                0x00010000                pxPortInitialiseStack
                0x00010240                xPortStartScheduler
                0x0001025c                vPortEndScheduler
                0x00010274                vTickISR
 .text          0x00010344      0x2ac /home/cockroach/FreeRtosForRPpi/RaspberryPi-FreeRTOS/build/FreeRTOS/Source/portable/GCC/RaspberryPi/portisr.o
                0x00010344                vPortISRStartFirstTask
                0x000103dc                vPortYieldProcessor
                0x00010490                vFreeRTOS_ISR
                0x00010540                vPortEnterCritical
                0x00010584                vPortExitCritical
 .text          0x000105f0      0x768 /home/cockroach/FreeRtosForRPpi/RaspberryPi-FreeRTOS/build/FreeRTOS/Source/croutine.o
                0x000105f0                xCoRoutineCreate
                0x00010758                vCoRoutineAddToDelayedList
                0x00010b00                vCoRoutineSchedule
                0x00010ccc                xCoRoutineRemoveFromEventList
 .text          0x00010d58      0x29c /home/cockroach/FreeRtosForRPpi/RaspberryPi-FreeRTOS/build/FreeRTOS/Source/list.o
                0x00010d58                vListInitialise
                0x00010dc0                vListInitialiseItem
                0x00010dec                vListInsertEnd
                0x00010e84                vListInsert
                0x00010f5c                vListRemove
 .text          0x00010ff4      0xbb0 /home/cockroach/FreeRtosForRPpi/RaspberryPi-FreeRTOS/build/FreeRTOS/Source/queue.o
                0x00010ff4                xQueueGenericReset
                0x00011108                xQueueGenericCreate
                0x000111d0                xQueueGenericSend
                0x00011374                xQueueGenericSendFromISR
                0x00011450                xQueueGenericReceive
                0x00011654                xQueueReceiveFromISR
                0x00011734                uxQueueMessagesWaiting
                0x00011768                uxQueueMessagesWaitingFromISR
                0x00011798                vQueueDelete
                0x00011ad0                xQueueIsQueueEmptyFromISR
                0x00011b5c                xQueueIsQueueFullFromISR
 .text          0x00011ba4     0x1924 /home/cockroach/FreeRtosForRPpi/RaspberryPi-FreeRTOS/build/FreeRTOS/Source/tasks.o
                0x00011ba4                xTaskGenericCreate
                0x00011df0                vTaskDelete
                0x00011ef0                vTaskDelayUntil
                0x00012000                vTaskDelay
                0x00012084                uxTaskPriorityGet
                0x000120dc                vTaskPrioritySet
                0x00012284                vTaskSuspend
                0x00012388                xTaskIsTaskSuspended
                0x00012404                vTaskResume
                0x000124fc                xTaskResumeFromISR
                0x00012618                vTaskStartScheduler
                0x000126b4                vTaskEndScheduler
                0x000126ec                vTaskSuspendAll
                0x0001271c                xTaskResumeAll
                0x000128c0                xTaskGetTickCount
                0x000128f4                xTaskGetTickCountFromISR
                0x0001292c                uxTaskGetNumberOfTasks
                0x00012950                vTaskIncrementTick
                0x00012b6c                vTaskSetApplicationTaskTag
                0x00012bc8                xTaskGetApplicationTaskTag
                0x00012c24                xTaskCallApplicationTaskHook
                0x00012ca0                vTaskSwitchContext
                0x00012da8                vTaskPlaceOnEventList
                0x00012e44                xTaskRemoveFromEventList
                0x00012f5c                vTaskSetTimeOutState
                0x00012fa4                xTaskCheckForTimeOut
                0x00013098                vTaskMissedYield
 .text          0x000134c8      0x3a4 /home/cockroach/FreeRtosForRPpi/RaspberryPi-FreeRTOS/build/Demo/Drivers/irq.o
                0x0001357c                irqHandler
                0x0001361c                irqUnblock
                0x00013638                irqBlock
                0x00013654                irqRegister
                0x000136b8                irqEnable
                0x0001378c                irqDisable
 .text          0x0001386c      0x5b8 /home/cockroach/FreeRtosForRPpi/RaspberryPi-FreeRTOS/build/Demo/Drivers/gpio.o
                0x0001386c                SetGpioFunction
                0x00013948                SetGpioDirection
                0x0001397c                SetGpio
                0x00013a34                ReadGpio
                0x00013a84                EnableGpioDetect
                0x00013c24                DisableGpioDetect
                0x00013dcc                ClearGpioInterrupt
 .text          0x00013e24      0x4ac /home/cockroach/FreeRtosForRPpi/RaspberryPi-FreeRTOS/build//FreeRTOS/Source/portable/MemMang/heap_4.o
                0x00013e24                pvPortMalloc
                0x00013fec                vPortFree
                0x00014068                xPortGetFreeHeapSize
                0x0001408c                vPortInitialiseBlocks
 .text          0x000142d0       0x18 /home/cockroach/FreeRtosForRPpi/RaspberryPi-FreeRTOS/build/Demo/startup.o
 .text          0x000142e8      0x124 /home/cockroach/FreeRtosForRPpi/RaspberryPi-FreeRTOS/build/Demo/main.o
                0x000142e8                task1
                0x00014328                task2
                0x00014370                main
 .text          0x0001440c       0xd0 /usr/lib/gcc/arm-none-eabi/14.2.1/../../../arm-none-eabi/lib//libc.a(libc_a-strncpy.o)
                0x0001440c                strncpy
 .text          0x000144dc       0xfc /usr/lib/gcc/arm-none-eabi/14.2.1/../../../arm-none-eabi/lib//libc.a(libc_a-memset.o)
                0x000144dc                memset
 .text          0x000145d8      0x114 /usr/lib/gcc/arm-none-eabi/14.2.1/../../../arm-none-eabi/lib//libc.a(libc_a-memcpy-stub.o)
                0x000145d8                memcpy

.rodata         0x000146ec       0x62
 .rodata        0x000146ec        0x4 /home/cockroach/FreeRtosForRPpi/RaspberryPi-FreeRTOS/build/FreeRTOS/Source/portable/GCC/RaspberryPi/port.o
 .rodata        0x000146f0        0x5 /home/cockroach/FreeRtosForRPpi/RaspberryPi-FreeRTOS/build/FreeRTOS/Source/tasks.o
 *fill*         0x000146f5        0x3 
 .rodata        0x000146f8        0x4 /home/cockroach/FreeRtosForRPpi/RaspberryPi-FreeRTOS/build/Demo/Drivers/irq.o
 .rodata        0x000146fc       0x3c /home/cockroach/FreeRtosForRPpi/RaspberryPi-FreeRTOS/build/Demo/Drivers/gpio.o
                0x000146fc                pRegs
 .rodata        0x00014738        0x8 /home/cockroach/FreeRtosForRPpi/RaspberryPi-FreeRTOS/build//FreeRTOS/Source/portable/MemMang/heap_4.o
 .rodata        0x00014740        0xe /home/cockroach/FreeRtosForRPpi/RaspberryPi-FreeRTOS/build/Demo/main.o

.glue_7         0x00014750        0x0
 .glue_7        0x00014750        0x0 linker stubs

.glue_7t        0x00014750        0x0
 .glue_7t       0x00014750        0x0 linker stubs

.vfp11_veneer   0x00014750        0x0
 .vfp11_veneer  0x00014750        0x0 linker stubs

.v4_bx          0x00014750        0x0
 .v4_bx         0x00014750        0x0 linker stubs

.iplt           0x00014750        0x0
 .iplt          0x00014750        0x0 /home/cockroach/FreeRtosForRPpi/RaspberryPi-FreeRTOS/build/FreeRTOS/Source/portable/GCC/RaspberryPi/port.o

.rel.dyn        0x00014750        0x0
 .rel.iplt      0x00014750        0x0 /home/cockroach/FreeRtosForRPpi/RaspberryPi-FreeRTOS/build/FreeRTOS/Source/portable/GCC/RaspberryPi/port.o

.data           0x00014750        0xc
 *(.data)
 .data          0x00014750        0x0 /home/cockroach/FreeRtosForRPpi/RaspberryPi-FreeRTOS/build/FreeRTOS/Source/portable/GCC/RaspberryPi/port.o
 .data          0x00014750        0x4 /home/cockroach/FreeRtosForRPpi/RaspberryPi-FreeRTOS/build/FreeRTOS/Source/portable/GCC/RaspberryPi/portisr.o
                0x00014750                ulCriticalNesting
 .data          0x00014754        0x0 /home/cockroach/FreeRtosForRPpi/RaspberryPi-FreeRTOS/build/FreeRTOS/Source/croutine.o
 .data          0x00014754        0x0 /home/cockroach/FreeRtosForRPpi/RaspberryPi-FreeRTOS/build/FreeRTOS/Source/list.o
 .data          0x00014754        0x0 /home/cockroach/FreeRtosForRPpi/RaspberryPi-FreeRTOS/build/FreeRTOS/Source/queue.o
 .data          0x00014754        0x4 /home/cockroach/FreeRtosForRPpi/RaspberryPi-FreeRTOS/build/FreeRTOS/Source/tasks.o
 .data          0x00014758        0x0 /home/cockroach/FreeRtosForRPpi/RaspberryPi-FreeRTOS/build/Demo/Drivers/irq.o
 .data          0x00014758        0x0 /home/cockroach/FreeRtosForRPpi/RaspberryPi-FreeRTOS/build/Demo/Drivers/gpio.o
 .data          0x00014758        0x4 /home/cockroach/FreeRtosForRPpi/RaspberryPi-FreeRTOS/build//FreeRTOS/Source/portable/MemMang/heap_4.o
 .data          0x0001475c        0x0 /home/cockroach/FreeRtosForRPpi/RaspberryPi-FreeRTOS/build/Demo/startup.o
 .data          0x0001475c        0x0 /home/cockroach/FreeRtosForRPpi/RaspberryPi-FreeRTOS/build/Demo/main.o
 .data          0x0001475c        0x0 /usr/lib/gcc/arm-none-eabi/14.2.1/../../../arm-none-eabi/lib//libc.a(libc_a-strncpy.o)
 .data          0x0001475c        0x0 /usr/lib/gcc/arm-none-eabi/14.2.1/../../../arm-none-eabi/lib//libc.a(libc_a-memset.o)
 .data          0x0001475c        0x0 /usr/lib/gcc/arm-none-eabi/14.2.1/../../../arm-none-eabi/lib//libc.a(libc_a-memcpy-stub.o)

.igot.plt       0x0001475c        0x0
 .igot.plt      0x0001475c        0x0 /home/cockroach/FreeRtosForRPpi/RaspberryPi-FreeRTOS/build/FreeRTOS/Source/portable/GCC/RaspberryPi/port.o

.bss            0x00014760     0x13e0
                0x00014760                        __bss_start = .
 *(.bss)
 .bss           0x00014760        0x0 /home/cockroach/FreeRtosForRPpi/RaspberryPi-FreeRTOS/build/FreeRTOS/Source/portable/GCC/RaspberryPi/port.o
 .bss           0x00014760        0x4 /home/cockroach/FreeRtosForRPpi/RaspberryPi-FreeRTOS/build/FreeRTOS/Source/portable/GCC/RaspberryPi/portisr.o
                0x00014760                g_bStarted
 .bss           0x00014764       0x80 /home/cockroach/FreeRtosForRPpi/RaspberryPi-FreeRTOS/build/FreeRTOS/Source/croutine.o
                0x000147d0                pxCurrentCoRoutine
 .bss           0x000147e4        0x0 /home/cockroach/FreeRtosForRPpi/RaspberryPi-FreeRTOS/build/FreeRTOS/Source/list.o
 .bss           0x000147e4        0x0 /home/cockroach/FreeRtosForRPpi/RaspberryPi-FreeRTOS/build/FreeRTOS/Source/queue.o
 .bss           0x000147e4      0x100 /home/cockroach/FreeRtosForRPpi/RaspberryPi-FreeRTOS/build/FreeRTOS/Source/tasks.o
                0x000147e4                pxCurrentTCB
 .bss           0x000148e4      0x24c /home/cockroach/FreeRtosForRPpi/RaspberryPi-FreeRTOS/build/Demo/Drivers/irq.o
 .bss           0x00014b30        0x0 /home/cockroach/FreeRtosForRPpi/RaspberryPi-FreeRTOS/build/Demo/Drivers/gpio.o
 .bss           0x00014b30     0x1010 /home/cockroach/FreeRtosForRPpi/RaspberryPi-FreeRTOS/build//FreeRTOS/Source/portable/MemMang/heap_4.o
                0x00015b3c                allocated
 .bss           0x00015b40        0x0 /home/cockroach/FreeRtosForRPpi/RaspberryPi-FreeRTOS/build/Demo/startup.o
 .bss           0x00015b40        0x0 /home/cockroach/FreeRtosForRPpi/RaspberryPi-FreeRTOS/build/Demo/main.o
 .bss           0x00015b40        0x0 /usr/lib/gcc/arm-none-eabi/14.2.1/../../../arm-none-eabi/lib//libc.a(libc_a-strncpy.o)
 .bss           0x00015b40        0x0 /usr/lib/gcc/arm-none-eabi/14.2.1/../../../arm-none-eabi/lib//libc.a(libc_a-memset.o)
 .bss           0x00015b40        0x0 /usr/lib/gcc/arm-none-eabi/14.2.1/../../../arm-none-eabi/lib//libc.a(libc_a-memcpy-stub.o)
 *(.bss.*)
                0x00015b40                        __bss_end = .
                0x08010000                        _estack = (ORIGIN (RAM) + LENGTH (RAM))
LOAD /usr/lib/gcc/arm-none-eabi/14.2.1//libgcc.a
LOAD /usr/lib/gcc/arm-none-eabi/14.2.1/../../../arm-none-eabi/lib//libc.a
OUTPUT(kernel.elf elf32-littlearm)
LOAD linker stubs

.debug_info     0x00000000     0x317e
 .debug_info    0x00000000      0x270 /home/cockroach/FreeRtosForRPpi/RaspberryPi-FreeRTOS/build/FreeRTOS/Source/portable/GCC/RaspberryPi/port.o
 .debug_info    0x00000270      0x18b /home/cockroach/FreeRtosForRPpi/RaspberryPi-FreeRTOS/build/FreeRTOS/Source/portable/GCC/RaspberryPi/portisr.o
 .debug_info    0x000003fb      0x521 /home/cockroach/FreeRtosForRPpi/RaspberryPi-FreeRTOS/build/FreeRTOS/Source/croutine.o
 .debug_info    0x0000091c      0x281 /home/cockroach/FreeRtosForRPpi/RaspberryPi-FreeRTOS/build/FreeRTOS/Source/list.o
 .debug_info    0x00000b9d      0x843 /home/cockroach/FreeRtosForRPpi/RaspberryPi-FreeRTOS/build/FreeRTOS/Source/queue.o
 .debug_info    0x000013e0      0xe5d /home/cockroach/FreeRtosForRPpi/RaspberryPi-FreeRTOS/build/FreeRTOS/Source/tasks.o
 .debug_info    0x0000223d      0x2b7 /home/cockroach/FreeRtosForRPpi/RaspberryPi-FreeRTOS/build/Demo/Drivers/irq.o
 .debug_info    0x000024f4      0x3e4 /home/cockroach/FreeRtosForRPpi/RaspberryPi-FreeRTOS/build/Demo/Drivers/gpio.o
 .debug_info    0x000028d8      0x2e7 /home/cockroach/FreeRtosForRPpi/RaspberryPi-FreeRTOS/build//FreeRTOS/Source/portable/MemMang/heap_4.o
 .debug_info    0x00002bbf      0x1ee /home/cockroach/FreeRtosForRPpi/RaspberryPi-FreeRTOS/build/Demo/main.o
 .debug_info    0x00002dad      0x14a /usr/lib/gcc/arm-none-eabi/14.2.1/../../../arm-none-eabi/lib//libc.a(libc_a-strncpy.o)
 .debug_info    0x00002ef7      0x135 /usr/lib/gcc/arm-none-eabi/14.2.1/../../../arm-none-eabi/lib//libc.a(libc_a-memset.o)
 .debug_info    0x0000302c      0x152 /usr/lib/gcc/arm-none-eabi/14.2.1/../../../arm-none-eabi/lib//libc.a(libc_a-memcpy-stub.o)

.debug_abbrev   0x00000000     0x11b6
 .debug_abbrev  0x00000000      0x172 /home/cockroach/FreeRtosForRPpi/RaspberryPi-FreeRTOS/build/FreeRTOS/Source/portable/GCC/RaspberryPi/port.o
 .debug_abbrev  0x00000172       0xf9 /home/cockroach/FreeRtosForRPpi/RaspberryPi-FreeRTOS/build/FreeRTOS/Source/portable/GCC/RaspberryPi/portisr.o
 .debug_abbrev  0x0000026b      0x1e4 /home/cockroach/FreeRtosForRPpi/RaspberryPi-FreeRTOS/build/FreeRTOS/Source/croutine.o
 .debug_abbrev  0x0000044f       0xcf /home/cockroach/FreeRtosForRPpi/RaspberryPi-FreeRTOS/build/FreeRTOS/Source/list.o
 .debug_abbrev  0x0000051e      0x1d7 /home/cockroach/FreeRtosForRPpi/RaspberryPi-FreeRTOS/build/FreeRTOS/Source/queue.o
 .debug_abbrev  0x000006f5      0x291 /home/cockroach/FreeRtosForRPpi/RaspberryPi-FreeRTOS/build/FreeRTOS/Source/tasks.o
 .debug_abbrev  0x00000986      0x150 /home/cockroach/FreeRtosForRPpi/RaspberryPi-FreeRTOS/build/Demo/Drivers/irq.o
 .debug_abbrev  0x00000ad6      0x16d /home/cockroach/FreeRtosForRPpi/RaspberryPi-FreeRTOS/build/Demo/Drivers/gpio.o
 .debug_abbrev  0x00000c43      0x1e7 /home/cockroach/FreeRtosForRPpi/RaspberryPi-FreeRTOS/build//FreeRTOS/Source/portable/MemMang/heap_4.o
 .debug_abbrev  0x00000e2a      0x14d /home/cockroach/FreeRtosForRPpi/RaspberryPi-FreeRTOS/build/Demo/main.o
 .debug_abbrev  0x00000f77       0xbe /usr/lib/gcc/arm-none-eabi/14.2.1/../../../arm-none-eabi/lib//libc.a(libc_a-strncpy.o)
 .debug_abbrev  0x00001035       0xb7 /usr/lib/gcc/arm-none-eabi/14.2.1/../../../arm-none-eabi/lib//libc.a(libc_a-memset.o)
 .debug_abbrev  0x000010ec       0xca /usr/lib/gcc/arm-none-eabi/14.2.1/../../../arm-none-eabi/lib//libc.a(libc_a-memcpy-stub.o)

.debug_aranges  0x00000000      0x1a0
 .debug_aranges
                0x00000000       0x20 /home/cockroach/FreeRtosForRPpi/RaspberryPi-FreeRTOS/build/FreeRTOS/Source/portable/GCC/RaspberryPi/port.o
 .debug_aranges
                0x00000020       0x20 /home/cockroach/FreeRtosForRPpi/RaspberryPi-FreeRTOS/build/FreeRTOS/Source/portable/GCC/RaspberryPi/portisr.o
 .debug_aranges
                0x00000040       0x20 /home/cockroach/FreeRtosForRPpi/RaspberryPi-FreeRTOS/build/FreeRTOS/Source/croutine.o
 .debug_aranges
                0x00000060       0x20 /home/cockroach/FreeRtosForRPpi/RaspberryPi-FreeRTOS/build/FreeRTOS/Source/list.o
 .debug_aranges
                0x00000080       0x20 /home/cockroach/FreeRtosForRPpi/RaspberryPi-FreeRTOS/build/FreeRTOS/Source/queue.o
 .debug_aranges
                0x000000a0       0x20 /home/cockroach/FreeRtosForRPpi/RaspberryPi-FreeRTOS/build/FreeRTOS/Source/tasks.o
 .debug_aranges
                0x000000c0       0x20 /home/cockroach/FreeRtosForRPpi/RaspberryPi-FreeRTOS/build/Demo/Drivers/irq.o
 .debug_aranges
                0x000000e0       0x20 /home/cockroach/FreeRtosForRPpi/RaspberryPi-FreeRTOS/build/Demo/Drivers/gpio.o
 .debug_aranges
                0x00000100       0x20 /home/cockroach/FreeRtosForRPpi/RaspberryPi-FreeRTOS/build//FreeRTOS/Source/portable/MemMang/heap_4.o
 .debug_aranges
                0x00000120       0x20 /home/cockroach/FreeRtosForRPpi/RaspberryPi-FreeRTOS/build/Demo/main.o
 .debug_aranges
                0x00000140       0x20 /usr/lib/gcc/arm-none-eabi/14.2.1/../../../arm-none-eabi/lib//libc.a(libc_a-strncpy.o)
 .debug_aranges
                0x00000160       0x20 /usr/lib/gcc/arm-none-eabi/14.2.1/../../../arm-none-eabi/lib//libc.a(libc_a-memset.o)
 .debug_aranges
                0x00000180       0x20 /usr/lib/gcc/arm-none-eabi/14.2.1/../../../arm-none-eabi/lib//libc.a(libc_a-memcpy-stub.o)

.debug_line     0x00000000     0x23a0
 .debug_line    0x00000000      0x23a /home/cockroach/FreeRtosForRPpi/RaspberryPi-FreeRTOS/build/FreeRTOS/Source/portable/GCC/RaspberryPi/port.o
 .debug_line    0x0000023a       0xee /home/cockroach/FreeRtosForRPpi/RaspberryPi-FreeRTOS/build/FreeRTOS/Source/portable/GCC/RaspberryPi/portisr.o
 .debug_line    0x00000328      0x33f /home/cockroach/FreeRtosForRPpi/RaspberryPi-FreeRTOS/build/FreeRTOS/Source/croutine.o
 .debug_line    0x00000667      0x206 /home/cockroach/FreeRtosForRPpi/RaspberryPi-FreeRTOS/build/FreeRTOS/Source/list.o
 .debug_line    0x0000086d      0x59a /home/cockroach/FreeRtosForRPpi/RaspberryPi-FreeRTOS/build/FreeRTOS/Source/queue.o
 .debug_line    0x00000e07      0x88a /home/cockroach/FreeRtosForRPpi/RaspberryPi-FreeRTOS/build/FreeRTOS/Source/tasks.o
 .debug_line    0x00001691      0x197 /home/cockroach/FreeRtosForRPpi/RaspberryPi-FreeRTOS/build/Demo/Drivers/irq.o
 .debug_line    0x00001828      0x1f6 /home/cockroach/FreeRtosForRPpi/RaspberryPi-FreeRTOS/build/Demo/Drivers/gpio.o
 .debug_line    0x00001a1e      0x285 /home/cockroach/FreeRtosForRPpi/RaspberryPi-FreeRTOS/build//FreeRTOS/Source/portable/MemMang/heap_4.o
 .debug_line    0x00001ca3      0x1c7 /home/cockroach/FreeRtosForRPpi/RaspberryPi-FreeRTOS/build/Demo/main.o
 .debug_line    0x00001e6a      0x190 /usr/lib/gcc/arm-none-eabi/14.2.1/../../../arm-none-eabi/lib//libc.a(libc_a-strncpy.o)
 .debug_line    0x00001ffa      0x1b9 /usr/lib/gcc/arm-none-eabi/14.2.1/../../../arm-none-eabi/lib//libc.a(libc_a-memset.o)
 .debug_line    0x000021b3      0x1ed /usr/lib/gcc/arm-none-eabi/14.2.1/../../../arm-none-eabi/lib//libc.a(libc_a-memcpy-stub.o)

.debug_str      0x00000000     0x1842
 .debug_str     0x00000000     0x1842 /home/cockroach/FreeRtosForRPpi/RaspberryPi-FreeRTOS/build/FreeRTOS/Source/portable/GCC/RaspberryPi/port.o
                                0x2a9 (size before relaxing)
 .debug_str     0x00001842      0x1b8 /home/cockroach/FreeRtosForRPpi/RaspberryPi-FreeRTOS/build/FreeRTOS/Source/portable/GCC/RaspberryPi/portisr.o
 .debug_str     0x00001842      0x4db /home/cockroach/FreeRtosForRPpi/RaspberryPi-FreeRTOS/build/FreeRTOS/Source/croutine.o
 .debug_str     0x00001842      0x28d /home/cockroach/FreeRtosForRPpi/RaspberryPi-FreeRTOS/build/FreeRTOS/Source/list.o
 .debug_str     0x00001842      0x605 /home/cockroach/FreeRtosForRPpi/RaspberryPi-FreeRTOS/build/FreeRTOS/Source/queue.o
 .debug_str     0x00001842      0x9dd /home/cockroach/FreeRtosForRPpi/RaspberryPi-FreeRTOS/build/FreeRTOS/Source/tasks.o
 .debug_str     0x00001842      0x213 /home/cockroach/FreeRtosForRPpi/RaspberryPi-FreeRTOS/build/Demo/Drivers/irq.o
 .debug_str     0x00001842      0x2f9 /home/cockroach/FreeRtosForRPpi/RaspberryPi-FreeRTOS/build/Demo/Drivers/gpio.o
 .debug_str     0x00001842      0x31c /home/cockroach/FreeRtosForRPpi/RaspberryPi-FreeRTOS/build//FreeRTOS/Source/portable/MemMang/heap_4.o
 .debug_str     0x00001842      0x1fa /home/cockroach/FreeRtosForRPpi/RaspberryPi-FreeRTOS/build/Demo/main.o
 .debug_str     0x00001842      0x198 /usr/lib/gcc/arm-none-eabi/14.2.1/../../../arm-none-eabi/lib//libc.a(libc_a-strncpy.o)
 .debug_str     0x00001842      0x182 /usr/lib/gcc/arm-none-eabi/14.2.1/../../../arm-none-eabi/lib//libc.a(libc_a-memset.o)
 .debug_str     0x00001842      0x19f /usr/lib/gcc/arm-none-eabi/14.2.1/../../../arm-none-eabi/lib//libc.a(libc_a-memcpy-stub.o)

.comment        0x00000000       0x4c
 .comment       0x00000000       0x4c /home/cockroach/FreeRtosForRPpi/RaspberryPi-FreeRTOS/build/FreeRTOS/Source/portable/GCC/RaspberryPi/port.o
                                 0x27 (size before relaxing)
 .comment       0x0000004c       0x27 /home/cockroach/FreeRtosForRPpi/RaspberryPi-FreeRTOS/build/FreeRTOS/Source/portable/GCC/RaspberryPi/portisr.o
 .comment       0x0000004c       0x27 /home/cockroach/FreeRtosForRPpi/RaspberryPi-FreeRTOS/build/FreeRTOS/Source/croutine.o
 .comment       0x0000004c       0x27 /home/cockroach/FreeRtosForRPpi/RaspberryPi-FreeRTOS/build/FreeRTOS/Source/list.o
 .comment       0x0000004c       0x27 /home/cockroach/FreeRtosForRPpi/RaspberryPi-FreeRTOS/build/FreeRTOS/Source/queue.o
 .comment       0x0000004c       0x27 /home/cockroach/FreeRtosForRPpi/RaspberryPi-FreeRTOS/build/FreeRTOS/Source/tasks.o
 .comment       0x0000004c       0x27 /home/cockroach/FreeRtosForRPpi/RaspberryPi-FreeRTOS/build/Demo/Drivers/irq.o
 .comment       0x0000004c       0x27 /home/cockroach/FreeRtosForRPpi/RaspberryPi-FreeRTOS/build/Demo/Drivers/gpio.o
 .comment       0x0000004c       0x27 /home/cockroach/FreeRtosForRPpi/RaspberryPi-FreeRTOS/build//FreeRTOS/Source/portable/MemMang/heap_4.o
 .comment       0x0000004c       0x27 /home/cockroach/FreeRtosForRPpi/RaspberryPi-FreeRTOS/build/Demo/main.o
 .comment       0x0000004c       0x27 /usr/lib/gcc/arm-none-eabi/14.2.1/../../../arm-none-eabi/lib//libc.a(libc_a-strncpy.o)
 .comment       0x0000004c       0x27 /usr/lib/gcc/arm-none-eabi/14.2.1/../../../arm-none-eabi/lib//libc.a(libc_a-memset.o)
 .comment       0x0000004c       0x27 /usr/lib/gcc/arm-none-eabi/14.2.1/../../../arm-none-eabi/lib//libc.a(libc_a-memcpy-stub.o)

.ARM.attributes
                0x00000000       0x2c
 .ARM.attributes
                0x00000000       0x2e /home/cockroach/FreeRtosForRPpi/RaspberryPi-FreeRTOS/build/FreeRTOS/Source/portable/GCC/RaspberryPi/port.o
 .ARM.attributes
                0x0000002e       0x2e /home/cockroach/FreeRtosForRPpi/RaspberryPi-FreeRTOS/build/FreeRTOS/Source/portable/GCC/RaspberryPi/portisr.o
 .ARM.attributes
                0x0000005c       0x2e /home/cockroach/FreeRtosForRPpi/RaspberryPi-FreeRTOS/build/FreeRTOS/Source/croutine.o
 .ARM.attributes
                0x0000008a       0x2e /home/cockroach/FreeRtosForRPpi/RaspberryPi-FreeRTOS/build/FreeRTOS/Source/list.o
 .ARM.attributes
                0x000000b8       0x2e /home/cockroach/FreeRtosForRPpi/RaspberryPi-FreeRTOS/build/FreeRTOS/Source/queue.o
 .ARM.attributes
                0x000000e6       0x2e /home/cockroach/FreeRtosForRPpi/RaspberryPi-FreeRTOS/build/FreeRTOS/Source/tasks.o
 .ARM.attributes
                0x00000114       0x2e /home/cockroach/FreeRtosForRPpi/RaspberryPi-FreeRTOS/build/Demo/Drivers/irq.o
 .ARM.attributes
                0x00000142       0x2e /home/cockroach/FreeRtosForRPpi/RaspberryPi-FreeRTOS/build/Demo/Drivers/gpio.o
 .ARM.attributes
                0x00000170       0x2e /home/cockroach/FreeRtosForRPpi/RaspberryPi-FreeRTOS/build//FreeRTOS/Source/portable/MemMang/heap_4.o
 .ARM.attributes
                0x0000019e       0x12 /home/cockroach/FreeRtosForRPpi/RaspberryPi-FreeRTOS/build/Demo/startup.o
 .ARM.attributes
                0x000001b0       0x2e /home/cockroach/FreeRtosForRPpi/RaspberryPi-FreeRTOS/build/Demo/main.o
 .ARM.attributes
                0x000001de       0x2a /usr/lib/gcc/arm-none-eabi/14.2.1/../../../arm-none-eabi/lib//libc.a(libc_a-strncpy.o)
 .ARM.attributes
                0x00000208       0x2a /usr/lib/gcc/arm-none-eabi/14.2.1/../../../arm-none-eabi/lib//libc.a(libc_a-memset.o)
 .ARM.attributes
                0x00000232       0x2a /usr/lib/gcc/arm-none-eabi/14.2.1/../../../arm-none-eabi/lib//libc.a(libc_a-memcpy-stub.o)

.debug_frame    0x00000000      0xcfc
 .debug_frame   0x00000000       0xac /home/cockroach/FreeRtosForRPpi/RaspberryPi-FreeRTOS/build/FreeRTOS/Source/portable/GCC/RaspberryPi/port.o
 .debug_frame   0x000000ac       0x90 /home/cockroach/FreeRtosForRPpi/RaspberryPi-FreeRTOS/build/FreeRTOS/Source/portable/GCC/RaspberryPi/portisr.o
 .debug_frame   0x0000013c       0xf0 /home/cockroach/FreeRtosForRPpi/RaspberryPi-FreeRTOS/build/FreeRTOS/Source/croutine.o
 .debug_frame   0x0000022c       0xb0 /home/cockroach/FreeRtosForRPpi/RaspberryPi-FreeRTOS/build/FreeRTOS/Source/list.o
 .debug_frame   0x000002dc      0x210 /home/cockroach/FreeRtosForRPpi/RaspberryPi-FreeRTOS/build/FreeRTOS/Source/queue.o
 .debug_frame   0x000004ec      0x450 /home/cockroach/FreeRtosForRPpi/RaspberryPi-FreeRTOS/build/FreeRTOS/Source/tasks.o
 .debug_frame   0x0000093c       0xf0 /home/cockroach/FreeRtosForRPpi/RaspberryPi-FreeRTOS/build/Demo/Drivers/irq.o
 .debug_frame   0x00000a2c       0xf0 /home/cockroach/FreeRtosForRPpi/RaspberryPi-FreeRTOS/build/Demo/Drivers/gpio.o
 .debug_frame   0x00000b1c       0xd0 /home/cockroach/FreeRtosForRPpi/RaspberryPi-FreeRTOS/build//FreeRTOS/Source/portable/MemMang/heap_4.o
 .debug_frame   0x00000bec       0x64 /home/cockroach/FreeRtosForRPpi/RaspberryPi-FreeRTOS/build/Demo/main.o
 .debug_frame   0x00000c50       0x3c /usr/lib/gcc/arm-none-eabi/14.2.1/../../../arm-none-eabi/lib//libc.a(libc_a-strncpy.o)
 .debug_frame   0x00000c8c       0x34 /usr/lib/gcc/arm-none-eabi/14.2.1/../../../arm-none-eabi/lib//libc.a(libc_a-memset.o)
 .debug_frame   0x00000cc0       0x3c /usr/lib/gcc/arm-none-eabi/14.2.1/../../../arm-none-eabi/lib//libc.a(libc_a-memcpy-stub.o)

.debug_loclists
                0x00000000      0x44e
 .debug_loclists
                0x00000000      0x11f /usr/lib/gcc/arm-none-eabi/14.2.1/../../../arm-none-eabi/lib//libc.a(libc_a-strncpy.o)
 .debug_loclists
                0x0000011f      0x1c9 /usr/lib/gcc/arm-none-eabi/14.2.1/../../../arm-none-eabi/lib//libc.a(libc_a-memset.o)
 .debug_loclists
                0x000002e8      0x166 /usr/lib/gcc/arm-none-eabi/14.2.1/../../../arm-none-eabi/lib//libc.a(libc_a-memcpy-stub.o)
